BL51 BANKED LINKER/LOCATER V6.22                                                        02/26/2017  01:11:16  PAGE 1


BL51 BANKED LINKER/LOCATER V6.22, INVOKED BY:
E:\KEIL5 C51\C51\BIN\BL51.EXE .\Objects\Interrupt timer TEST.obj TO .\Objects\TEST PRINT (.\Listings\TEST.m51) RAMSIZE (
>> 256)


MEMORY MODEL: SMALL


INPUT MODULES INCLUDED:
  .\Objects\Interrupt timer TEST.obj (INTERRUPT_TIMER_TEST)
  E:\KEIL5 C51\C51\LIB\C51S.LIB (?C_STARTUP)
  E:\KEIL5 C51\C51\LIB\C51S.LIB (?C_INIT)


LINK MAP OF MODULE:  .\Objects\TEST (INTERRUPT_TIMER_TEST)


            TYPE    BASE      LENGTH    RELOCATION   SEGMENT NAME
            -----------------------------------------------------

            * * * * * * *   D A T A   M E M O R Y   * * * * * * *
            REG     0000H     0008H     ABSOLUTE     "REG BANK 0"
            DATA    0008H     0008H     UNIT         ?DT?INTERRUPT_TIMER_TEST
            IDATA   0010H     0001H     UNIT         ?STACK

            * * * * * * *  X D A T A   M E M O R Y  * * * * * * *
            XDATA   0000H     0010H     UNIT         ?XD?INTERRUPT_TIMER_TEST

            * * * * * * *   C O D E   M E M O R Y   * * * * * * *
            CODE    0000H     0003H     ABSOLUTE     
                    0003H     0008H                  *** GAP ***
            CODE    000BH     0003H     ABSOLUTE     
            CODE    000EH     008CH     UNIT         ?C_C51STARTUP
            CODE    009AH     002AH     UNIT         ?PR?MAIN?INTERRUPT_TIMER_TEST
            CODE    00C4H     0020H     UNIT         ?C_INITSEG
            CODE    00E4H     0014H     UNIT         ?PR?INIT?INTERRUPT_TIMER_TEST
            CODE    00F8H     000FH     UNIT         ?PR?PWM_INTERRUPT?INTERRUPT_TIMER_TEST



OVERLAY MAP OF MODULE:   .\Objects\TEST (INTERRUPT_TIMER_TEST)


SEGMENT
  +--> CALLED SEGMENT
---------------------
?C_C51STARTUP
  +--> ?PR?MAIN?INTERRUPT_TIMER_TEST
  +--> ?C_INITSEG

?PR?MAIN?INTERRUPT_TIMER_TEST
  +--> ?PR?INIT?INTERRUPT_TIMER_TEST



SYMBOL TABLE OF MODULE:  .\Objects\TEST (INTERRUPT_TIMER_TEST)

  VALUE           TYPE          NAME
BL51 BANKED LINKER/LOCATER V6.22                                                      02/26/2017  01:11:16  PAGE 2


  ----------------------------------

  -------         MODULE        INTERRUPT_TIMER_TEST
  C:0000H         SYMBOL        _ICE_DUMMY_
  D:0080H         PUBLIC        P0
  D:0090H         PUBLIC        P1
  D:00A0H         PUBLIC        P2
  D:00B0H         PUBLIC        P3
  D:00E8H         PUBLIC        P4
  B:00A8H.7       PUBLIC        EA
  X:0000H         PUBLIC        number
  D:00A8H         PUBLIC        IE
  C:00E4H         PUBLIC        Init
  B:00A8H.4       PUBLIC        ES
  D:00B8H         PUBLIC        IP
  B:00A0H.6       PUBLIC        duanx
  C:009AH         PUBLIC        main
  C:00F8H         PUBLIC        pwm_interrupt
  D:0008H         PUBLIC        timer_count
  D:0098H         PUBLIC        SCON
  D:0089H         PUBLIC        TMOD
  D:0088H         PUBLIC        TCON
  B:00A0H.7       PUBLIC        weix
  D:000AH         PUBLIC        wei
  B:00A8H.1       PUBLIC        ET0
  B:0088H.5       PUBLIC        TF0
  D:008CH         PUBLIC        TH0
  D:008AH         PUBLIC        TL0
  B:0088H.4       PUBLIC        TR0
  D:00C8H         PUBLIC        T2CON
  D:00D0H         PUBLIC        PSW
  -------         PROC          INIT
  C:00E4H         LINE#         12
  C:00E4H         LINE#         13
  C:00E4H         LINE#         14
  C:00E7H         LINE#         16
  C:00EAH         LINE#         17
  C:00EDH         LINE#         18
  C:00EFH         LINE#         19
  C:00F1H         LINE#         20
  C:00F3H         LINE#         23
  C:00F5H         LINE#         24
  C:00F7H         LINE#         25
  -------         ENDPROC       INIT
  -------         PROC          PWM_INTERRUPT
  C:00F8H         LINE#         27
  C:00FAH         LINE#         29
  C:0102H         LINE#         30
  C:0104H         LINE#         31
  -------         ENDPROC       PWM_INTERRUPT
  -------         PROC          MAIN
  C:009AH         LINE#         33
  C:009AH         LINE#         34
  C:009AH         LINE#         35
  C:009DH         LINE#         36
  C:009FH         LINE#         37
  C:00A1H         LINE#         38
BL51 BANKED LINKER/LOCATER V6.22                                                      02/26/2017  01:11:16  PAGE 3


  C:00A1H         LINE#         39
  C:00A1H         LINE#         40
  C:00ABH         LINE#         41
  C:00ABH         LINE#         42
  C:00ADH         LINE#         43
  C:00AFH         LINE#         44
  C:00B1H         LINE#         45
  C:00B4H         LINE#         46
  C:00B6H         LINE#         47
  C:00B8H         LINE#         48
  C:00BBH         LINE#         49
  C:00BEH         LINE#         50
  C:00C0H         LINE#         51
  C:00C2H         LINE#         52
  C:00C2H         LINE#         53
  -------         ENDPROC       MAIN
  -------         ENDMOD        INTERRUPT_TIMER_TEST

Program Size: data=17.0 xdata=16 code=255
LINK/LOCATE RUN COMPLETE.  0 WARNING(S),  0 ERROR(S)
