C51 COMPILER V9.01   MAIN                                                                  01/13/2017 23:26:16 PAGE 1   


C51 COMPILER V9.01, COMPILATION OF MODULE MAIN
OBJECT MODULE PLACED IN main.OBJ
COMPILER INVOKED BY: E:\Keil4\C51\BIN\C51.EXE main.c OPTIMIZE(1,SPEED) BROWSE DEBUG OBJECTEXTEND

line level    source

   1          #include<reg52.h>
   2          #include<string.h>
   3          
   4          unsigned int num[7];
   5          unsigned int display_ctr=0;     // 数码管显示循环控制
   6          unsigned int sending=0,new_signal=0;        //sending用于缓解串口数据发送较慢的情况,new_signal用于判断是否
             -有新数据进入
   7          
   8          #include"digital_led.h"     //调用数码管部分
   9          extern struct Queue RBuff;     //digital_led.h
  10          extern void InitQueue(struct Queue *Q);     //循环队列初始化
  11          extern unsigned char SerQueue(struct Queue *Q,int r);       // r为所要查找的当前位置
  12          extern void char_to_int();     //字符转整型数字并输出
  13          
  14          
  15          struct Queue RBuff;     //Rbuff是一个静态循环队列/字符数组
  16          
  17          //----------初始化-------------
  18          void Init()
  19          {
  20   1          //串口设置
  21   1          SCON = 0x50;   //工作方式1
  22   1          PCON = 0;      //波特率不加倍
  23   1          TMOD = 0x20;
  24   1          TH1 = 0xfd;    //11.0592晶振，9600波特率
  25   1          TL1 = TH1;
  26   1          TR1 = 1;
  27   1          REN = 1;
  28   1          ES = 1;     //允许串口中断
  29   1          TI = 0;     //这两条在多个中断中一定要写，不然不能进入串口中断
  30   1          EA = 1;
  31   1      }
  32          
  33          void main(void)
  34          {
  35   1          Init();
  36   1          InitQueue(&RBuff);
  37   1          while(1)  //不让主函数循环执行并且循环检测（查询方式）
  38   1          {
  39   2              if(SerQueue(&RBuff,RBuff.rear) == '@' && new_signal)
  40   2              {
  41   3                  char_to_int();
  42   3              }
  43   2          }       
  44   1      }


MODULE INFORMATION:   STATIC OVERLAYABLE
   CODE SIZE        =    819    ----
   CONSTANT SIZE    =   ----    ----
   XDATA SIZE       =   ----    ----
   PDATA SIZE       =   ----    ----
   DATA SIZE        =    102    ----
   IDATA SIZE       =   ----    ----
   BIT SIZE         =   ----    ----
C51 COMPILER V9.01   MAIN                                                                  01/13/2017 23:26:16 PAGE 2   

END OF MODULE INFORMATION.


C51 COMPILATION COMPLETE.  0 WARNING(S),  0 ERROR(S)
